// Jest Snapshot v1, https://goo.gl/fbAQLP

exports[`Testing DeleteFab component should display correctly 1`] = `
<button
  className="btn btn-danger fab btn-del"
  onClick={[Function]}
>
  <i
    className="fas fa-trash"
  />
</button>
`;
