// Jest Snapshot v1, https://goo.gl/fbAQLP

exports[`Testing AppRouter component should display the Cargando... 1`] = `
<h1>
  Cargando
</h1>
`;
